============================= test session starts ==============================
platform linux -- Python 3.13.13, pytest-9.0.3, pluggy-1.6.0
rootdir: /workspaces/CopilotExercise
configfile: pytest.ini
plugins: anyio-4.13.0
collected 6 items

tests/test_app.py ......                                                 [100%]

============================== 6 passed in 0.36s ===============================
